Traceback (most recent call last):
  File "C:\_Codes\ACMOP\backend_v2\winding_layout.py", line 24, in __getattr__
    return self[name]
           ~~~~^^^^^^
KeyError: 'coil_pitch_y'

During handling of the above exception, another exception occurred:

Traceback (most recent call last):
  File "C:\_Codes\ACMOP\backend_v2\winding_layout.py", line 1081, in __init__
    self.coil_pitch_y
  File "C:\_Codes\ACMOP\backend_v2\winding_layout.py", line 26, in __getattr__
    raise AttributeError(name)
AttributeError: coil_pitch_y

During handling of the above exception, another exception occurred:

Traceback (most recent call last):
  File "C:\_Codes\ACMOP\backend_v2\main_dex13.py", line 115, in <module>
    mac.sync()
  File "C:\_Codes\ACMOP\backend_v2\machine.py", line 31, in sync
    wily = winding_layout_v2(
           ^^^^^^^^^^^^^^^^^^
  File "C:\_Codes\ACMOP\backend_v2\winding_layout.py", line 1168, in __init__
    raise Exception(f'Error: This winding is not implemented to get deg_winding_U_phase_phase_axis_angle: Qs,p,ps,coil_pitch_y = {Qs,p,ps,coil_pitch_y}', Wrap_Around, DPNV_or_SEPA)
Exception: ('Error: This winding is not implemented to get deg_winding_U_phase_phase_axis_angle: Qs,p,ps,coil_pitch_y = (12, 5, 4, 1)', None, None)
